Microchip MPLAB XC8 Compiler V2.41

Linker command line:

-W-3 \
  --edf=C:/Program Files/Microchip/MPLABX/v6.10/packs/Microchip/PIC18F-K_DFP/1.8.249/xc8\pic\dat\20230209213641_en.msgs \
  -cn -h+dist/default/debug\SmartHomeProject.X.debug.sym \
  --cmf=dist/default/debug\SmartHomeProject.X.debug.cmf -z -Q18F46K20 \
  -oC:\Users\minas\AppData\Local\Temp\xcAso9o.\driver_tmp_3.o \
  --defsym=__MPLAB_BUILD=1 --fixupoverflow=error \
  -Mdist/default/debug/SmartHomeProject.X.debug.map \
  --md=C:\Users\minas\AppData\Local\Temp\xcAso9o.\driver_tmp_0.dat -E1 \
  -ver=XC8 Compiler --acfsm=1493 -ACODE=00h-0FFFFh -ACONST=00h-0FFFFh \
  -ASMALLCONST=01000h-010FFhx240 -AMEDIUMCONST=01000h-0FFFFh \
  -ACOMRAM=01h-05Fh -AABS1=00h-0F5Fh -ABIGRAM=01h-0F5Fh \
  -ARAM=060h-0FFh,0100h-01FFhx14,0F00h-0F5Fh -ABANK0=060h-0FFh \
  -ABANK1=0100h-01FFh -ABANK2=0200h-02FFh -ABANK3=0300h-03FFh \
  -ABANK4=0400h-04FFh -ABANK5=0500h-05FFh -ABANK6=0600h-06FFh \
  -ABANK7=0700h-07FFh -ABANK8=0800h-08FFh -ABANK9=0900h-09FFh \
  -ABANK10=0A00h-0AFFh -ABANK11=0B00h-0BFFh -ABANK12=0C00h-0CFFh \
  -ABANK13=0D00h-0DFFh -ABANK14=0E00h-0EFFh -ABANK15=0F00h-0F5Fh \
  -ASFR=0F60h-0FFFh -ABIGSFR=0F60h-0FFFh -ACONFIG=0300000h-030000Dh \
  -AIDLOC=0200000h-0200007h -AEEDATA=0F00000h-0F003FFh -peeprom_data=EEDATA \
  -preset_vec=00h,intcode=08h,intcodelo,powerup,init -pramtop=01000h \
  -psmallconst=SMALLCONST -pmediumconst=MEDIUMCONST -pconst=CONST \
  -AFARRAM=00h-00h \
  -prdata=COMRAM,nvrram=COMRAM,nvbit=COMRAM,rbss=COMRAM,rbit=COMRAM \
  -pfarbss=FARRAM,fardata=FARRAM,nvFARRAM=FARRAM \
  -pintsave_regs=BIGRAM,bigbss=BIGRAM,bigdata=BIGRAM -pbss=RAM \
  -pidata=CODE,irdata=CODE,ibigdata=CODE,ifardata=CODE -prparam=COMRAM \
  C:\Users\minas\AppData\Local\Temp\xcAso9o.\driver_tmp_9.o \
  dist/default/debug\SmartHomeProject.X.debug.o 

Object code version is 3.11

Machine type is 18F46K20



                Name                               Link     Load   Length Selector   Space Scale
C:\Users\minas\AppData\Local\Temp\xcAso9o.\driver_tmp_9.o
                config                           300000   300000        E        0       4
                init                                 B6       B6        4        4       0
                reset_vec                             0        0        4        0       0
dist/default/debug\SmartHomeProject.X.debug.o
                intcode                               8        8       AE        4       0
                config                           300000   300000        E        0       4
                temp                                 46       46        1        1       1
                smallconst                         1000     1000       3C      800       0
                text72                             1B9A     1B9A        4      81E       0
                text71                             1B96     1B96        4      81E       0
                text70                             1958     1958       24      81E       0
                text69                             1494     1494       76      81E       0
                text68                             19F0     19F0       18      81E       0
                text67                             1908     1908       2C      81E       0
                text66                             18DC     18DC       2C      81E       0
                text65                             18B0     18B0       2C      81E       0
                text64                             1884     1884       2C      81E       0
                text63                             17AA     17AA       40      81E       0
                text62                             1B92     1B92        4      81E       0
                text61                             1B8E     1B8E        4      81E       0
                text60                             1B8A     1B8A        4      81E       0
                text59                             1B64     1B64        6      81E       0
                text58                             1B86     1B86        4      81E       0
                text57                             1B5E     1B5E        6      81E       0
                text56                             1B50     1B50        8      81E       0
                text55                             1A48     1A48       14      81E       0
                text54                             1B82     1B82        4      81E       0
                text53                             13A2     13A2       7C      81E       0
                text52                             1ACA     1ACA        C      81E       0
                text51                             1AA2     1AA2       10      81E       0
                text50                             1A92     1A92       10      81E       0
                text49                             1100     1100       C4      81E       0
                text48                             11C4     11C4       A6      81E       0
                text47                             1ABE     1ABE        C      81E       0
                text46                             1B48     1B48        8      81E       0
                text45                             1B40     1B40        8      81E       0
                text44                             1B38     1B38        8      81E       0
                text43                             1B30     1B30        8      81E       0
                text42                             1B28     1B28        8      81E       0
                text41                             1B20     1B20        8      81E       0
                text40                             1B18     1B18        8      81E       0
                text39                             1AB2     1AB2        C      81E       0
                text38                             165C     165C       66      81E       0
                text37                             1B7E     1B7E        4      81E       0
                text36                             157E     157E       70      81E       0
                text35                             1B58     1B58        6      81E       0
                text33                             1B7A     1B7A        4      81E       0
                text32                             1B76     1B76        4      81E       0
                text31                             1B72     1B72        4      81E       0
                text30                             1858     1858       2C      81E       0
                text29                             1B6E     1B6E        4      81E       0
                text28                             176A     176A       40      81E       0
                text27                             1B10     1B10        8      81E       0
                text26                             1B6A     1B6A        4      81E       0
                text25                             199E     199E       22      81E       0
                text24                             1AFE     1AFE        A      81E       0
                text23                             126A     126A       9E      81E       0
                text22                             141E     141E       76      81E       0
                text21                             19D8     19D8       18      81E       0
                text20                             1934     1934       24      81E       0
                text19                             19C0     19C0       18      81E       0
                text18                             150A     150A       74      81E       0
                text17                             1A80     1A80       12      81E       0
                text16                             15EE     15EE       6E      81E       0
                text15                             1A6E     1A6E       12      81E       0
                text14                             16C2     16C2       5C      81E       0
                text13                             1AF4     1AF4        A      81E       0
                text12                             1AEA     1AEA        A      81E       0
                text11                             1AE0     1AE0        A      81E       0
                text10                             17EA     17EA       3E      81E       0
                text9                              1A34     1A34       14      81E       0
                text8                              1B08     1B08        8      81E       0
                text7                              1AD6     1AD6        A      81E       0
                text6                              1828     1828       30      81E       0
                text5                              1A1E     1A1E       16      81E       0
                text4                              1A08     1A08       16      81E       0
                text3                              171E     171E       4C      81E       0
                text2                              1308     1308       9A      81E       0
                text1                              1A5C     1A5C       12      81E       0
                text0                              103C     103C       C4      81E       0
                cstackCOMRAM                          1        1       2B        1       1
                cstackBANK0                          84       84        2       60       1
                bssBANK0                             60       60       24       60       1
                bssCOMRAM                            2C       2C       14        1       1
                cinit                              197C     197C       22      81E       0
                nvCOMRAM                             40       40        6        1       1

TOTAL           Name                               Link     Load   Length     Space
        CLASS   CODE           
                intcode                               8        8       AE         0
                init                                 B6       B6        4         0
                reset_vec                             0        0        4         0
                text72                             1B9A     1B9A        4         0
                text71                             1B96     1B96        4         0
                text70                             1958     1958       24         0
                text69                             1494     1494       76         0
                text68                             19F0     19F0       18         0
                text67                             1908     1908       2C         0
                text66                             18DC     18DC       2C         0
                text65                             18B0     18B0       2C         0
                text64                             1884     1884       2C         0
                text63                             17AA     17AA       40         0
                text62                             1B92     1B92        4         0
                text61                             1B8E     1B8E        4         0
                text60                             1B8A     1B8A        4         0
                text59                             1B64     1B64        6         0
                text58                             1B86     1B86        4         0
                text57                             1B5E     1B5E        6         0
                text56                             1B50     1B50        8         0
                text55                             1A48     1A48       14         0
                text54                             1B82     1B82        4         0
                text53                             13A2     13A2       7C         0
                text52                             1ACA     1ACA        C         0
                text51                             1AA2     1AA2       10         0
                text50                             1A92     1A92       10         0
                text49                             1100     1100       C4         0
                text48                             11C4     11C4       A6         0
                text47                             1ABE     1ABE        C         0
                text46                             1B48     1B48        8         0
                text45                             1B40     1B40        8         0
                text44                             1B38     1B38        8         0
                text43                             1B30     1B30        8         0
                text42                             1B28     1B28        8         0
                text41                             1B20     1B20        8         0
                text40                             1B18     1B18        8         0
                text39                             1AB2     1AB2        C         0
                text38                             165C     165C       66         0
                text37                             1B7E     1B7E        4         0
                text36                             157E     157E       70         0
                text35                             1B58     1B58        6         0
                text33                             1B7A     1B7A        4         0
                text32                             1B76     1B76        4         0
                text31                             1B72     1B72        4         0
                text30                             1858     1858       2C         0
                text29                             1B6E     1B6E        4         0
                text28                             176A     176A       40         0
                text27                             1B10     1B10        8         0
                text26                             1B6A     1B6A        4         0
                text25                             199E     199E       22         0
                text24                             1AFE     1AFE        A         0
                text23                             126A     126A       9E         0
                text22                             141E     141E       76         0
                text21                             19D8     19D8       18         0
                text20                             1934     1934       24         0
                text19                             19C0     19C0       18         0
                text18                             150A     150A       74         0
                text17                             1A80     1A80       12         0
                text16                             15EE     15EE       6E         0
                text15                             1A6E     1A6E       12         0
                text14                             16C2     16C2       5C         0
                text13                             1AF4     1AF4        A         0
                text12                             1AEA     1AEA        A         0
                text11                             1AE0     1AE0        A         0
                text10                             17EA     17EA       3E         0
                text9                              1A34     1A34       14         0
                text8                              1B08     1B08        8         0
                text7                              1AD6     1AD6        A         0
                text6                              1828     1828       30         0
                text5                              1A1E     1A1E       16         0
                text4                              1A08     1A08       16         0
                text3                              171E     171E       4C         0
                text2                              1308     1308       9A         0
                text1                              1A5C     1A5C       12         0
                text0                              103C     103C       C4         0
                cinit                              197C     197C       22         0

        CLASS   CONST          

        CLASS   SMALLCONST     
                smallconst                         1000     1000       3C         0

        CLASS   MEDIUMCONST    

        CLASS   COMRAM         
                temp                                 46       46        1         1
                cstackCOMRAM                          1        1       2B         1
                bssCOMRAM                            2C       2C       14         1
                nvCOMRAM                             40       40        6         1

        CLASS   ABS1           

        CLASS   BIGRAM         

        CLASS   RAM            

        CLASS   BANK0          
                cstackBANK0                          84       84        2         1
                bssBANK0                             60       60       24         1

        CLASS   BANK1          

        CLASS   BANK2          

        CLASS   BANK3          

        CLASS   BANK4          

        CLASS   BANK5          

        CLASS   BANK6          

        CLASS   BANK7          

        CLASS   BANK8          

        CLASS   BANK9          

        CLASS   BANK10         

        CLASS   BANK11         

        CLASS   BANK12         

        CLASS   BANK13         

        CLASS   BANK14         

        CLASS   BANK15         

        CLASS   SFR            

        CLASS   BIGSFR         

        CLASS   CONFIG         
                config                           300000   300000        E         4

        CLASS   IDLOC          

        CLASS   EEDATA         

        CLASS   FARRAM         

        CLASS   HEAP           

        CLASS   STACK          



SEGMENTS        Name                           Load    Length   Top    Selector   Space  Class

                reset_vec                      000000  000004  000004         0       0  CODE    
                cstackCOMRAM                   000001  000046  000047         1       1  COMRAM  
                intcode                        000008  0000B2  0000BA         4       0  CODE    
                bssBANK0                       000060  000026  000086        60       1  BANK0   
                smallconst                     001000  00003C  00103C       800       0  SMALLCON
                text0                          00103C  000B62  001B9E       81E       0  CODE    


UNUSED ADDRESS RANGES

        Name                Unused          Largest block    Delta
        BANK0            000086-0000FF               7A
        BANK1            000100-0001FF              100
        BANK10           000A00-000AFF              100
        BANK11           000B00-000BFF              100
        BANK12           000C00-000CFF              100
        BANK13           000D00-000DFF              100
        BANK14           000E00-000EFF              100
        BANK15           000F00-000F5F               60
        BANK2            000200-0002FF              100
        BANK3            000300-0003FF              100
        BANK4            000400-0004FF              100
        BANK5            000500-0005FF              100
        BANK6            000600-0006FF              100
        BANK7            000700-0007FF              100
        BANK8            000800-0008FF              100
        BANK9            000900-0009FF              100
        BIGRAM           000047-00005F               19
                         000086-000F5F              EDA
        BIGSFR           000F60-000FFF               A0
        CODE             000004-000007                4
                         0000BA-000FFF              F46
                         001B9E-00FFFF             E462
        COMRAM           000047-00005F               19
        CONST            000004-000007                4
                         0000BA-000FFF              F46
                         001B9E-00FFFF             E462
        EEDATA           F00000-F003FF              400
        IDLOC            200000-200007                8
        MEDIUMCONST      001B9E-00FFFF             E462
        RAM              000086-000F5F              100
        SFR              000F60-000FFF               A0
        SMALLCONST       001B9E-00FFFF              100

                                  Symbol Table

?_RealTimeClock_Get_Date_Time                  cstackCOMRAM 000026
EEPROM_24C02C_Read_Byte@Byte_Add               cstackCOMRAM 000026
EEPROM_24C02C_Read_Byte@EEPROM_Add             cstackCOMRAM 000027
EEPROM_24C02C_Read_Byte@RetVal                 cstackCOMRAM 000028
EEPROM_24C02C_Write_Byte@Byte_Add              cstackCOMRAM 000026
EEPROM_24C02C_Write_Byte@EEPROM_Add            cstackCOMRAM 000028
EEPROM_24C02C_Write_Byte@data                  cstackCOMRAM 000027
EUSART_SetErrorHandler@interruptHandler        cstackCOMRAM 00001A
EUSART_SetFramingErrorHandler@interruptHandler cstackCOMRAM 00001A
EUSART_SetOverrunErrorHandler@interruptHandler cstackCOMRAM 00001A
EUSART_Write@txData                            cstackCOMRAM 00001A
I2C_CallbackReturnReset@funPtr                 cstackCOMRAM 00000A
I2C_Close@returnValue                          cstackCOMRAM 00001A
I2C_MasterOperation@read                       cstackCOMRAM 00001A
I2C_MasterOperation@returnValue                cstackCOMRAM 00001B
I2C_MasterSendTxData@data                      cstackCOMRAM 000001
I2C_Open@address                               cstackCOMRAM 00001C
I2C_Open@returnValue                           cstackCOMRAM 00001D
I2C_Read1ByteRegister@address                  cstackCOMRAM 000024
I2C_Read1ByteRegister@reg                      cstackCOMRAM 000023
I2C_Read1ByteRegister@returnValue              cstackCOMRAM 000025
I2C_SetAddressNackCallback@cb                  cstackCOMRAM 00001F
I2C_SetAddressNackCallback@ptr                 cstackCOMRAM 000021
I2C_SetBuffer@buffer                           cstackCOMRAM 00001A
I2C_SetBuffer@bufferSize                       cstackCOMRAM 00001C
I2C_SetCallback@cb                             cstackCOMRAM 00001A
I2C_SetCallback@idx                            cstackCOMRAM 00001E
I2C_SetCallback@ptr                            cstackCOMRAM 00001C
I2C_SetDataCompleteCallback@cb                 cstackCOMRAM 00001F
I2C_SetDataCompleteCallback@ptr                cstackCOMRAM 000021
I2C_SetInterruptHandler@InterruptHandler       cstackCOMRAM 00001A
I2C_Write1ByteRegister@address                 cstackCOMRAM 000025
I2C_Write1ByteRegister@data                    cstackCOMRAM 000024
I2C_Write1ByteRegister@reg                     cstackCOMRAM 000023
Temp_Sensor_TC74_ReadValue@TC74_Add            cstackCOMRAM 000026
Temp_Sensor_TC74_ReadValue@TempVAl             cstackCOMRAM 000027
UART_SEND_STRING@l_sting_lenght                cstackCOMRAM 00001E
UART_SEND_STRING@sting_lenght                  cstackCOMRAM 00001D
UART_SEND_STRING@string                        cstackCOMRAM 00001B
_ANSEL                                         (abs)        000F7E
_ANSELH                                        (abs)        000F7F
_BAUDCON                                       (abs)        000FB8
_Date_pack                                     bssCOMRAM    000038
_EEADR                                         (abs)        000FA9
_EEADRH                                        (abs)        000FAA
_EECON1bits                                    (abs)        000FA6
_EECON2                                        (abs)        000FA7
_EEDATA                                        (abs)        000FA8
_EEPROM_24C02C_Read_Byte                       text17       001A80
_EEPROM_24C02C_Write_Byte                      text15       001A6E
_EUSART_DefaultErrorHandler                    (abs)        000000
_EUSART_DefaultFramingErrorHandler             (abs)        000000
_EUSART_DefaultOverrunErrorHandler             (abs)        000000
_EUSART_ErrorHandler                           nvCOMRAM     000040
_EUSART_FramingErrorHandler                    nvCOMRAM     000044
_EUSART_Initialize                             text10       0017EA
_EUSART_OverrunErrorHandler                    nvCOMRAM     000042
_EUSART_SetErrorHandler                        text13       001AF4
_EUSART_SetFramingErrorHandler                 text12       001AEA
_EUSART_SetOverrunErrorHandler                 text11       001AE0
_EUSART_Write                                  text4        001A08
_I2C_CallbackReturnReset                       text61       001B8E
_I2C_CallbackReturnStop                        text62       001B92
_I2C_Close                                     text30       001858
_I2C_DO_ADDRESS_NACK                           text38       00165C
_I2C_DO_IDLE                                   text52       001ACA
_I2C_DO_RCEN                                   text47       001ABE
_I2C_DO_RESET                                  text39       001AB2
_I2C_DO_RX                                     text48       0011C4
_I2C_DO_RX_ACK                                 text42       001B28
_I2C_DO_RX_NACK_RESTART                        text40       001B18
_I2C_DO_RX_NACK_STOP                           text41       001B20
_I2C_DO_SEND_ADR_READ                          text51       001AA2
_I2C_DO_SEND_ADR_WRITE                         text50       001A92
_I2C_DO_SEND_RESTART                           text44       001B38
_I2C_DO_SEND_RESTART_READ                      text46       001B48
_I2C_DO_SEND_RESTART_WRITE                     text45       001B40
_I2C_DO_SEND_STOP                              text43       001B30
_I2C_DO_TX                                     text49       001100
_I2C_DO_TX_EMPTY                               text53       0013A2
_I2C_Initialize                                text9        001A34
_I2C_MasterClearIrq                            text33       001B7A
_I2C_MasterClose                               text32       001B76
_I2C_MasterDisableIrq                          text31       001B72
_I2C_MasterEnableIrq                           text26       001B6A
_I2C_MasterEnableRestart                       text72       001B9A
_I2C_MasterFsm                                 text36       00157E
_I2C_MasterGetRxData                           text58       001B86
_I2C_MasterIsNack                              text55       001A48
_I2C_MasterIsr                                 text35       001B58
_I2C_MasterOpen                                text25       00199E
_I2C_MasterOperation                           text28       00176A
_I2C_MasterSendAck                             text57       001B5E
_I2C_MasterSendNack                            text59       001B64
_I2C_MasterSendTxData                          text56       001B50
_I2C_MasterSetIrq                              text54       001B82
_I2C_MasterStart                               text29       001B6E
_I2C_MasterStartRx                             text60       001B8A
_I2C_MasterStop                                text71       001B96
_I2C_MasterWrite                               text27       001B10
_I2C_Open                                      text23       00126A
_I2C_Read1ByteRegister                         text18       00150A
_I2C_SetAddressNackCallback                    text21       0019D8
_I2C_SetBuffer                                 text20       001934
_I2C_SetCallback                               text22       00141E
_I2C_SetDataCompleteCallback                   text19       0019C0
_I2C_SetInterruptHandler                       text24       001AFE
_I2C_Status                                    bssBANK0     000060
_I2C_Write1ByteRegister                        text16       0015EE
_INTCON2bits                                   (abs)        000FF1
_INTCONbits                                    (abs)        000FF2
_INTERRUPT_Initialize                          text8        001B08
_INTERRUPT_InterruptManagerHigh                intcode      000008
_IPR1bits                                      (abs)        000F9F
_IPR2bits                                      (abs)        000FA2
_LATA                                          (abs)        000F89
_LATB                                          (abs)        000F8A
_LATC                                          (abs)        000F8B
_LATD                                          (abs)        000F8C
_LATE                                          (abs)        000F8D
_MSSP_InterruptHandler                         bssCOMRAM    000032
_OSCCON                                        (abs)        000FD3
_OSCILLATOR_Initialize                         text7        001AD6
_OSCTUNE                                       (abs)        000F9B
_PIE1bits                                      (abs)        000F9D
_PIE2bits                                      (abs)        000FA0
_PIN_MANAGER_Initialize                        text6        001828
_PIR1bits                                      (abs)        000F9E
_PIR2bits                                      (abs)        000FA1
_RCONbits                                      (abs)        000FD0
_RCREG                                         (abs)        000FAE
_RCSTA                                         (abs)        000FAB
_RCSTAbits                                     (abs)        000FAB
_RealTimeClock_Get_Date_Time                   text14       0016C2
_SPBRG                                         (abs)        000FAF
_SPBRGH                                        (abs)        000FB0
_SSPADD                                        (abs)        000FC8
_SSPBUF                                        (abs)        000FC9
_SSPCON1                                       (abs)        000FC6
_SSPCON1bits                                   (abs)        000FC6
_SSPCON2                                       (abs)        000FC5
_SSPCON2bits                                   (abs)        000FC5
_SSPSTAT                                       (abs)        000FC7
_SSPSTATbits                                   (abs)        000FC7
_SYSTEM_Initialize                             text5        001A1E
_Send_Date_UART                                text2        001308
_TABLAT                                        (abs)        000FF5
_TBLPTRH                                       (abs)        000FF7
_TBLPTRL                                       (abs)        000FF6
_TBLPTRU                                       (abs)        000FF8
_TRISA                                         (abs)        000F92
_TRISB                                         (abs)        000F93
_TRISC                                         (abs)        000F94
_TRISD                                         (abs)        000F95
_TRISE                                         (abs)        000F96
_TXREG                                         (abs)        000FAD
_TXSTA                                         (abs)        000FAC
_TXSTAbits                                     (abs)        000FAC
_Temp                                          bssCOMRAM    000036
_Temp_Sensor_TC74_ReadValue                    text1        001A5C
_Time_Clock_Date                               bssCOMRAM    00002C
_UART_SEND_STRING                              text3        00171E
_WPUB                                          (abs)        000F7C
__HRAM                                         (abs)        000000
__H__absolute__                                __absolute__ 000000
__Habs1                                        abs1         000000
__Hbank0                                       bank0        000000
__Hbank1                                       bank1        000000
__Hbank10                                      bank10       000000
__Hbank11                                      bank11       000000
__Hbank12                                      bank12       000000
__Hbank13                                      bank13       000000
__Hbank14                                      bank14       000000
__Hbank15                                      bank15       000000
__Hbank2                                       bank2        000000
__Hbank3                                       bank3        000000
__Hbank4                                       bank4        000000
__Hbank5                                       bank5        000000
__Hbank6                                       bank6        000000
__Hbank7                                       bank7        000000
__Hbank8                                       bank8        000000
__Hbank9                                       bank9        000000
__Hbigbss                                      bigbss       000000
__Hbigdata                                     bigdata      000000
__Hbigram                                      bigram       000000
__Hbigsfr                                      bigsfr       000000
__Hbss                                         bss          000000
__HbssBANK0                                    bssBANK0     000000
__HbssCOMRAM                                   bssCOMRAM    000000
__Hcinit                                       cinit        000000
__Hclrtext                                     clrtext      000000
__Hcomram                                      comram       000000
__Hconfig                                      config       30000E
__Hconst                                       const        000000
__HcstackBANK0                                 cstackBANK0  000000
__HcstackCOMRAM                                cstackCOMRAM 000000
__Hdata                                        data         000000
__Heeprom_data                                 eeprom_data  000000
__Hfarbss                                      farbss       000000
__Hfardata                                     fardata      000000
__Hheap                                        heap         000000
__Hibigdata                                    ibigdata     000000
__Hidata                                       idata        000000
__Hidloc                                       idloc        000000
__Hifardata                                    ifardata     000000
__Hinit                                        init         0000BA
__Hintcode                                     intcode      0000B6
__Hintcode_body                                intcode_body 000000
__Hintcodelo                                   intcodelo    0000B6
__Hintentry                                    intentry     000000
__Hintret                                      intret       000000
__Hintsave_regs                                intsave_regs 000000
__Hirdata                                      irdata       000000
__Hmediumconst                                 mediumconst  000000
__HnvCOMRAM                                    nvCOMRAM     000000
__HnvFARRAM                                    nvFARRAM     000000
__Hnvbit                                       nvbit        000000
__Hnvrram                                      nvrram       000000
__Hparam                                       rparam       000000
__Hpowerup                                     powerup      0000B6
__Hram                                         ram          000000
__Hramtop                                      ramtop       001000
__Hrbit                                        rbit         000000
__Hrbss                                        rbss         000000
__Hrdata                                       rdata        000000
__Hreset_vec                                   reset_vec    000004
__Hrparam                                      rparam       000000
__Hsfr                                         sfr          000000
__Hsmallconst                                  smallconst   00103C
__Hspace_0                                     (abs)        001B9E
__Hspace_1                                     (abs)        000086
__Hspace_2                                     (abs)        000000
__Hspace_4                                     (abs)        60000E
__Hstack                                       stack        000000
__Hstruct                                      struct       000000
__Htemp                                        temp         000047
__Htext                                        text         000000
__Htext0                                       text0        000000
__Htext1                                       text1        000000
__Htext10                                      text10       000000
__Htext11                                      text11       000000
__Htext12                                      text12       000000
__Htext13                                      text13       000000
__Htext14                                      text14       000000
__Htext15                                      text15       000000
__Htext16                                      text16       000000
__Htext17                                      text17       000000
__Htext18                                      text18       000000
__Htext19                                      text19       000000
__Htext2                                       text2        000000
__Htext20                                      text20       000000
__Htext21                                      text21       000000
__Htext22                                      text22       000000
__Htext23                                      text23       000000
__Htext24                                      text24       000000
__Htext25                                      text25       000000
__Htext26                                      text26       000000
__Htext27                                      text27       000000
__Htext28                                      text28       000000
__Htext29                                      text29       000000
__Htext3                                       text3        000000
__Htext30                                      text30       000000
__Htext31                                      text31       000000
__Htext32                                      text32       000000
__Htext33                                      text33       000000
__Htext35                                      text35       000000
__Htext36                                      text36       000000
__Htext37                                      text37       000000
__Htext38                                      text38       000000
__Htext39                                      text39       000000
__Htext4                                       text4        000000
__Htext40                                      text40       000000
__Htext41                                      text41       000000
__Htext42                                      text42       000000
__Htext43                                      text43       000000
__Htext44                                      text44       000000
__Htext45                                      text45       000000
__Htext46                                      text46       000000
__Htext47                                      text47       000000
__Htext48                                      text48       000000
__Htext49                                      text49       000000
__Htext5                                       text5        000000
__Htext50                                      text50       000000
__Htext51                                      text51       000000
__Htext52                                      text52       000000
__Htext53                                      text53       000000
__Htext54                                      text54       000000
__Htext55                                      text55       000000
__Htext56                                      text56       000000
__Htext57                                      text57       000000
__Htext58                                      text58       000000
__Htext59                                      text59       000000
__Htext6                                       text6        000000
__Htext60                                      text60       000000
__Htext61                                      text61       000000
__Htext62                                      text62       000000
__Htext63                                      text63       000000
__Htext64                                      text64       000000
__Htext65                                      text65       000000
__Htext66                                      text66       000000
__Htext67                                      text67       000000
__Htext68                                      text68       000000
__Htext69                                      text69       000000
__Htext7                                       text7        000000
__Htext70                                      text70       000000
__Htext71                                      text71       000000
__Htext72                                      text72       000000
__Htext73                                      text73       000000
__Htext8                                       text8        000000
__Htext9                                       text9        000000
__LRAM                                         (abs)        000001
__L__absolute__                                __absolute__ 000000
__Labs1                                        abs1         000000
__Lbank0                                       bank0        000000
__Lbank1                                       bank1        000000
__Lbank10                                      bank10       000000
__Lbank11                                      bank11       000000
__Lbank12                                      bank12       000000
__Lbank13                                      bank13       000000
__Lbank14                                      bank14       000000
__Lbank15                                      bank15       000000
__Lbank2                                       bank2        000000
__Lbank3                                       bank3        000000
__Lbank4                                       bank4        000000
__Lbank5                                       bank5        000000
__Lbank6                                       bank6        000000
__Lbank7                                       bank7        000000
__Lbank8                                       bank8        000000
__Lbank9                                       bank9        000000
__Lbigbss                                      bigbss       000000
__Lbigdata                                     bigdata      000000
__Lbigram                                      bigram       000000
__Lbigsfr                                      bigsfr       000000
__Lbss                                         bss          000000
__LbssBANK0                                    bssBANK0     000000
__LbssCOMRAM                                   bssCOMRAM    000000
__Lcinit                                       cinit        000000
__Lclrtext                                     clrtext      000000
__Lcomram                                      comram       000000
__Lconfig                                      config       000000
__Lconst                                       const        000000
__LcstackBANK0                                 cstackBANK0  000000
__LcstackCOMRAM                                cstackCOMRAM 000000
__Ldata                                        data         000000
__Leeprom_data                                 eeprom_data  000000
__Lfarbss                                      farbss       000000
__Lfardata                                     fardata      000000
__Lheap                                        heap         000000
__Libigdata                                    ibigdata     000000
__Lidata                                       idata        000000
__Lidloc                                       idloc        000000
__Lifardata                                    ifardata     000000
__Linit                                        init         0000B6
__Lintcode                                     intcode      000008
__Lintcode_body                                intcode_body 000000
__Lintcodelo                                   intcodelo    0000B6
__Lintentry                                    intentry     000000
__Lintret                                      intret       000000
__Lintsave_regs                                intsave_regs 000000
__Lirdata                                      irdata       000000
__Lmediumconst                                 mediumconst  000000
__LnvCOMRAM                                    nvCOMRAM     000000
__LnvFARRAM                                    nvFARRAM     000000
__Lnvbit                                       nvbit        000000
__Lnvrram                                      nvrram       000000
__Lparam                                       rparam       000000
__Lpowerup                                     powerup      0000B6
__Lram                                         ram          000000
__Lramtop                                      ramtop       001000
__Lrbit                                        rbit         000000
__Lrbss                                        rbss         000000
__Lrdata                                       rdata        000000
__Lreset_vec                                   reset_vec    000000
__Lrparam                                      rparam       000000
__Lsfr                                         sfr          000000
__Lsmallconst                                  smallconst   001000
__Lspace_0                                     (abs)        000000
__Lspace_1                                     (abs)        000000
__Lspace_2                                     (abs)        000000
__Lspace_4                                     (abs)        000000
__Lstack                                       stack        000000
__Lstruct                                      struct       000000
__Ltemp                                        temp         000046
__Ltext                                        text         000000
__Ltext0                                       text0        000000
__Ltext1                                       text1        000000
__Ltext10                                      text10       000000
__Ltext11                                      text11       000000
__Ltext12                                      text12       000000
__Ltext13                                      text13       000000
__Ltext14                                      text14       000000
__Ltext15                                      text15       000000
__Ltext16                                      text16       000000
__Ltext17                                      text17       000000
__Ltext18                                      text18       000000
__Ltext19                                      text19       000000
__Ltext2                                       text2        000000
__Ltext20                                      text20       000000
__Ltext21                                      text21       000000
__Ltext22                                      text22       000000
__Ltext23                                      text23       000000
__Ltext24                                      text24       000000
__Ltext25                                      text25       000000
__Ltext26                                      text26       000000
__Ltext27                                      text27       000000
__Ltext28                                      text28       000000
__Ltext29                                      text29       000000
__Ltext3                                       text3        000000
__Ltext30                                      text30       000000
__Ltext31                                      text31       000000
__Ltext32                                      text32       000000
__Ltext33                                      text33       000000
__Ltext35                                      text35       000000
__Ltext36                                      text36       000000
__Ltext37                                      text37       000000
__Ltext38                                      text38       000000
__Ltext39                                      text39       000000
__Ltext4                                       text4        000000
__Ltext40                                      text40       000000
__Ltext41                                      text41       000000
__Ltext42                                      text42       000000
__Ltext43                                      text43       000000
__Ltext44                                      text44       000000
__Ltext45                                      text45       000000
__Ltext46                                      text46       000000
__Ltext47                                      text47       000000
__Ltext48                                      text48       000000
__Ltext49                                      text49       000000
__Ltext5                                       text5        000000
__Ltext50                                      text50       000000
__Ltext51                                      text51       000000
__Ltext52                                      text52       000000
__Ltext53                                      text53       000000
__Ltext54                                      text54       000000
__Ltext55                                      text55       000000
__Ltext56                                      text56       000000
__Ltext57                                      text57       000000
__Ltext58                                      text58       000000
__Ltext59                                      text59       000000
__Ltext6                                       text6        000000
__Ltext60                                      text60       000000
__Ltext61                                      text61       000000
__Ltext62                                      text62       000000
__Ltext63                                      text63       000000
__Ltext64                                      text64       000000
__Ltext65                                      text65       000000
__Ltext66                                      text66       000000
__Ltext67                                      text67       000000
__Ltext68                                      text68       000000
__Ltext69                                      text69       000000
__Ltext7                                       text7        000000
__Ltext70                                      text70       000000
__Ltext71                                      text71       000000
__Ltext72                                      text72       000000
__Ltext73                                      text73       000000
__Ltext8                                       text8        000000
__Ltext9                                       text9        000000
__S0                                           (abs)        001B9E
__S1                                           (abs)        000086
__S4                                           (abs)        000000
__S5                                           (abs)        000000
___heap_hi                                     (abs)        000000
___heap_lo                                     (abs)        000000
___inthi_sp                                    stack        000000
___intlo_sp                                    stack        000000
___param_bank                                  (abs)        000000
___rparam_used                                 (abs)        000001
___sp                                          stack        000000
__accesstop                                    (abs)        000060
__activetblptr                                 (abs)        000003
__end_of_EEPROM_24C02C_Read_Byte               text17       001A92
__end_of_EEPROM_24C02C_Write_Byte              text15       001A80
__end_of_EUSART_Initialize                     text10       001828
__end_of_EUSART_SetErrorHandler                text13       001AFE
__end_of_EUSART_SetFramingErrorHandler         text12       001AF4
__end_of_EUSART_SetOverrunErrorHandler         text11       001AEA
__end_of_EUSART_Write                          text4        001A1E
__end_of_I2C_CallbackReturnReset               text61       001B92
__end_of_I2C_CallbackReturnStop                text62       001B96
__end_of_I2C_Close                             text30       001884
__end_of_I2C_DO_ADDRESS_NACK                   text38       0016C2
__end_of_I2C_DO_IDLE                           text52       001AD6
__end_of_I2C_DO_RCEN                           text47       001ACA
__end_of_I2C_DO_RESET                          text39       001ABE
__end_of_I2C_DO_RX                             text48       00126A
__end_of_I2C_DO_RX_ACK                         text42       001B30
__end_of_I2C_DO_RX_NACK_RESTART                text40       001B20
__end_of_I2C_DO_RX_NACK_STOP                   text41       001B28
__end_of_I2C_DO_SEND_ADR_READ                  text51       001AB2
__end_of_I2C_DO_SEND_ADR_WRITE                 text50       001AA2
__end_of_I2C_DO_SEND_RESTART                   text44       001B40
__end_of_I2C_DO_SEND_RESTART_READ              text46       001B50
__end_of_I2C_DO_SEND_RESTART_WRITE             text45       001B48
__end_of_I2C_DO_SEND_STOP                      text43       001B38
__end_of_I2C_DO_TX                             text49       0011C4
__end_of_I2C_DO_TX_EMPTY                       text53       00141E
__end_of_I2C_Initialize                        text9        001A48
__end_of_I2C_MasterClearIrq                    text33       001B7E
__end_of_I2C_MasterClose                       text32       001B7A
__end_of_I2C_MasterDisableIrq                  text31       001B76
__end_of_I2C_MasterEnableIrq                   text26       001B6E
__end_of_I2C_MasterEnableRestart               text72       001B9E
__end_of_I2C_MasterFsm                         text36       0015EE
__end_of_I2C_MasterGetRxData                   text58       001B8A
__end_of_I2C_MasterIsNack                      text55       001A5C
__end_of_I2C_MasterIsr                         text35       001B5E
__end_of_I2C_MasterOpen                        text25       0019C0
__end_of_I2C_MasterOperation                   text28       0017AA
__end_of_I2C_MasterSendAck                     text57       001B64
__end_of_I2C_MasterSendNack                    text59       001B6A
__end_of_I2C_MasterSendTxData                  text56       001B58
__end_of_I2C_MasterSetIrq                      text54       001B86
__end_of_I2C_MasterStart                       text29       001B72
__end_of_I2C_MasterStartRx                     text60       001B8E
__end_of_I2C_MasterStop                        text71       001B9A
__end_of_I2C_MasterWrite                       text27       001B18
__end_of_I2C_Open                              text23       001308
__end_of_I2C_Read1ByteRegister                 text18       00157E
__end_of_I2C_SetAddressNackCallback            text21       0019F0
__end_of_I2C_SetBuffer                         text20       001958
__end_of_I2C_SetCallback                       text22       001494
__end_of_I2C_SetDataCompleteCallback           text19       0019D8
__end_of_I2C_SetInterruptHandler               text24       001B08
__end_of_I2C_Write1ByteRegister                text16       00165C
__end_of_INTERRUPT_Initialize                  text8        001B10
__end_of_INTERRUPT_InterruptManagerHigh        intcode      0000B6
__end_of_OSCILLATOR_Initialize                 text7        001AE0
__end_of_PIN_MANAGER_Initialize                text6        001858
__end_of_RealTimeClock_Get_Date_Time           text14       00171E
__end_of_SYSTEM_Initialize                     text5        001A34
__end_of_Send_Date_UART                        text2        0013A2
__end_of_Temp_Sensor_TC74_ReadValue            text1        001A6E
__end_of_UART_SEND_STRING                      text3        00176A
__end_of__initialization                       cinit        001994
__end_of_i2c_fsmStateTable                     smallconst   001021
__end_of_main                                  text0        001100
__end_of_rd1RegCompleteHandler                 text66       001908
__end_of_rd2RegCompleteHandler                 text65       0018DC
__end_of_rdBlkRegCompleteHandler               text63       0017EA
__end_of_wr1RegCompleteHandler                 text64       0018B0
__end_of_wr2RegCompleteHandler                 text67       001934
__end_ofi2_I2C_MasterClearIrq                  text37       001B82
__end_ofi2_I2C_SetBuffer                       text70       00197C
__end_ofi2_I2C_SetCallback                     text69       00150A
__end_ofi2_I2C_SetDataCompleteCallback         text68       001A08
__initialization                               cinit        00197C
__mediumconst                                  mediumconst  000000
__pbssBANK0                                    bssBANK0     000060
__pbssCOMRAM                                   bssCOMRAM    00002C
__pcinit                                       cinit        00197C
__pcstackBANK0                                 cstackBANK0  000084
__pcstackCOMRAM                                cstackCOMRAM 000001
__pintcode                                     intcode      000008
__pnvCOMRAM                                    nvCOMRAM     000040
__psmallconst                                  smallconst   001000
__ptext0                                       text0        00103C
__ptext1                                       text1        001A5C
__ptext10                                      text10       0017EA
__ptext11                                      text11       001AE0
__ptext12                                      text12       001AEA
__ptext13                                      text13       001AF4
__ptext14                                      text14       0016C2
__ptext15                                      text15       001A6E
__ptext16                                      text16       0015EE
__ptext17                                      text17       001A80
__ptext18                                      text18       00150A
__ptext19                                      text19       0019C0
__ptext2                                       text2        001308
__ptext20                                      text20       001934
__ptext21                                      text21       0019D8
__ptext22                                      text22       00141E
__ptext23                                      text23       00126A
__ptext24                                      text24       001AFE
__ptext25                                      text25       00199E
__ptext26                                      text26       001B6A
__ptext27                                      text27       001B10
__ptext28                                      text28       00176A
__ptext29                                      text29       001B6E
__ptext3                                       text3        00171E
__ptext30                                      text30       001858
__ptext31                                      text31       001B72
__ptext32                                      text32       001B76
__ptext33                                      text33       001B7A
__ptext35                                      text35       001B58
__ptext36                                      text36       00157E
__ptext37                                      text37       001B7E
__ptext38                                      text38       00165C
__ptext39                                      text39       001AB2
__ptext4                                       text4        001A08
__ptext40                                      text40       001B18
__ptext41                                      text41       001B20
__ptext42                                      text42       001B28
__ptext43                                      text43       001B30
__ptext44                                      text44       001B38
__ptext45                                      text45       001B40
__ptext46                                      text46       001B48
__ptext47                                      text47       001ABE
__ptext48                                      text48       0011C4
__ptext49                                      text49       001100
__ptext5                                       text5        001A1E
__ptext50                                      text50       001A92
__ptext51                                      text51       001AA2
__ptext52                                      text52       001ACA
__ptext53                                      text53       0013A2
__ptext54                                      text54       001B82
__ptext55                                      text55       001A48
__ptext56                                      text56       001B50
__ptext57                                      text57       001B5E
__ptext58                                      text58       001B86
__ptext59                                      text59       001B64
__ptext6                                       text6        001828
__ptext60                                      text60       001B8A
__ptext61                                      text61       001B8E
__ptext62                                      text62       001B92
__ptext63                                      text63       0017AA
__ptext64                                      text64       001884
__ptext65                                      text65       0018B0
__ptext66                                      text66       0018DC
__ptext67                                      text67       001908
__ptext68                                      text68       0019F0
__ptext69                                      text69       001494
__ptext7                                       text7        001AD6
__ptext70                                      text70       001958
__ptext71                                      text71       001B96
__ptext72                                      text72       001B9A
__ptext73                                      text73       000000
__ptext8                                       text8        001B08
__ptext9                                       text9        001A34
__ramtop                                       ramtop       001000
__smallconst                                   smallconst   001000
_eusartRxLastError                             bssCOMRAM    000037
_i2c_fsmStateTable                             smallconst   001001
_main                                          text0        00103C
_rd1RegCompleteHandler                         text66       0018DC
_rd2RegCompleteHandler                         text65       0018B0
_rdBlkRegCompleteHandler                       text63       0017AA
_val1                                          bssCOMRAM    000035
_val2                                          bssCOMRAM    000034
_wr1RegCompleteHandler                         text64       001884
_wr2RegCompleteHandler                         text67       001908
btemp                                          temp         000046
end_of_initialization                          cinit        001994
i2I2C_SetBuffer@buffer                         cstackCOMRAM 000001
i2I2C_SetBuffer@bufferSize                     cstackCOMRAM 000003
i2I2C_SetCallback@cb                           cstackCOMRAM 000001
i2I2C_SetCallback@idx                          cstackCOMRAM 000005
i2I2C_SetCallback@ptr                          cstackCOMRAM 000003
i2I2C_SetDataCompleteCallback@cb               cstackCOMRAM 000006
i2I2C_SetDataCompleteCallback@ptr              cstackCOMRAM 000008
i2_I2C_MasterClearIrq                          text37       001B7E
i2_I2C_SetBuffer                               text70       001958
i2_I2C_SetCallback                             text69       001494
i2_I2C_SetDataCompleteCallback                 text68       0019F0
int$flags                                      temp         000046
intlevel0                                      text         000000
intlevel1                                      text         000000
intlevel2                                      text         000000
intlevel3                                      text         000000
isa$std                                        (abs)        000001
isa$xinst                                      (abs)        000000
rd1RegCompleteHandler@ptr                      cstackCOMRAM 00000A
rd2RegCompleteHandler@ptr                      cstackCOMRAM 00000A
rdBlkRegCompleteHandler@ptr                    cstackCOMRAM 00000A
stackhi                                        (abs)        000000
stacklo                                        (abs)        000000
start                                          init         0000B6
start_initialization                           cinit        00197C
ttemp5                                         temp         000047
ttemp6                                         temp         00004A
ttemp7                                         temp         00004E
wr1RegCompleteHandler@ptr                      cstackCOMRAM 00000A
wr2RegCompleteHandler@ptr                      cstackCOMRAM 00000A
wtemp8                                         temp         000047


MODULE INFORMATION

Module		Function		Class		Link	Load	Size
AECUL/EEPROM_24C02C/EEPROM_24C02C.c
		_EEPROM_24C02C_Write_Byte		CODE           	1A6E	0000	18
		_EEPROM_24C02C_Read_Byte		CODE           	1A80	0000	18

AECUL/EEPROM_24C02C/EEPROM_24C02C.c estimated size: 36

RealTimeClockDs1307/RealTimeClockDs1307.c
		_Send_Date_UART		CODE           	1308	0000	154
		_RealTimeClock_Get_Date_Time		CODE           	16C2	0000	92

RealTimeClockDs1307/RealTimeClockDs1307.c estimated size: 246

mcc_generated_files/interrupt_manager.c
		_INTERRUPT_Initialize		CODE           	1B08	0000	8
		_INTERRUPT_InterruptManagerHigh		CODE           	0008	0000	174

mcc_generated_files/interrupt_manager.c estimated size: 182

mcc_generated_files/examples/i2c_master_example.c
		_wr1RegCompleteHandler		CODE           	1884	0000	44
		_wr2RegCompleteHandler		CODE           	1908	0000	44
		_I2C_Write1ByteRegister		CODE           	15EE	0000	110
		_I2C_Read1ByteRegister		CODE           	150A	0000	116
		_rdBlkRegCompleteHandler		CODE           	17AA	0000	64
		_rd1RegCompleteHandler		CODE           	18DC	0000	44
		_rd2RegCompleteHandler		CODE           	18B0	0000	44

mcc_generated_files/examples/i2c_master_example.c estimated size: 466

mcc_generated_files/pin_manager.c
		_PIN_MANAGER_Initialize		CODE           	1828	0000	48

mcc_generated_files/pin_manager.c estimated size: 48

AECUL/TC74_Module/TC74_Dri.c
		_Temp_Sensor_TC74_ReadValue		CODE           	1A5C	0000	18

AECUL/TC74_Module/TC74_Dri.c estimated size: 18

AECUL/UART_Depugging_Data/UART_Depugging_Data.c
		_UART_SEND_STRING		CODE           	171E	0000	76

AECUL/UART_Depugging_Data/UART_Depugging_Data.c estimated size: 76

shared
		i2_I2C_SetBuffer		CODE           	1958	0000	36
		__initialization		CODE           	197C	0000	24
		i2_I2C_SetCallback		CODE           	1494	0000	118
		i2_I2C_SetDataCompleteCallback		CODE           	19F0	0000	24
		i2_I2C_MasterClearIrq		CODE           	1B7E	0000	4
		_i2c_fsmStateTable		SMALLCONST     	1001	0000	32

shared estimated size: 238

mcc_generated_files/mcc.c
		_OSCILLATOR_Initialize		CODE           	1AD6	0000	10
		_SYSTEM_Initialize		CODE           	1A1E	0000	22

mcc_generated_files/mcc.c estimated size: 32

mcc_generated_files/i2c_master.c
		_I2C_Close     		CODE           	1858	0000	44
		_I2C_MasterStartRx		CODE           	1B8A	0000	4
		_I2C_DO_SEND_ADR_WRITE		CODE           	1A92	0000	16
		_I2C_DO_SEND_STOP		CODE           	1B30	0000	8
		_I2C_MasterSendNack		CODE           	1B64	0000	6
		_I2C_MasterDisableIrq		CODE           	1B72	0000	4
		_I2C_CallbackReturnStop		CODE           	1B92	0000	4
		_I2C_MasterOperation		CODE           	176A	0000	64
		_I2C_DO_SEND_ADR_READ		CODE           	1AA2	0000	16
		_I2C_DO_RX_NACK_STOP		CODE           	1B20	0000	8
		_I2C_DO_SEND_RESTART		CODE           	1B38	0000	8
		_I2C_DO_RX     		CODE           	11C4	0000	166
		_I2C_DO_TX     		CODE           	1100	0000	196
		_I2C_DO_IDLE   		CODE           	1ACA	0000	12
		_I2C_DO_RCEN   		CODE           	1ABE	0000	12
		_I2C_DO_RESET  		CODE           	1AB2	0000	12
		_I2C_MasterClose		CODE           	1B76	0000	4
		_I2C_MasterWrite		CODE           	1B10	0000	8
		_I2C_DO_RX_ACK 		CODE           	1B28	0000	8
		_I2C_MasterStart		CODE           	1B6E	0000	4
		_I2C_MasterClearIrq		CODE           	1B7A	0000	4
		_I2C_MasterGetRxData		CODE           	1B86	0000	4
		_I2C_SetCallback		CODE           	141E	0000	118
		_I2C_DO_ADDRESS_NACK		CODE           	165C	0000	102
		_I2C_MasterEnableRestart		CODE           	1B9A	0000	4
		_I2C_CallbackReturnReset		CODE           	1B8E	0000	4
		_I2C_Open      		CODE           	126A	0000	158
		_I2C_SetAddressNackCallback		CODE           	19D8	0000	24
		_I2C_DO_TX_EMPTY		CODE           	13A2	0000	124
		_I2C_DO_SEND_RESTART_WRITE		CODE           	1B40	0000	8
		_I2C_MasterIsNack		CODE           	1A48	0000	20
		_I2C_SetDataCompleteCallback		CODE           	19C0	0000	24
		_I2C_DO_RX_NACK_RESTART		CODE           	1B18	0000	8
		_I2C_MasterSendAck		CODE           	1B5E	0000	6
		_I2C_MasterFsm 		CODE           	157E	0000	112
		_I2C_MasterIsr 		CODE           	1B58	0000	6
		_I2C_MasterSetIrq		CODE           	1B82	0000	4
		_I2C_DO_SEND_RESTART_READ		CODE           	1B48	0000	8
		_I2C_MasterEnableIrq		CODE           	1B6A	0000	4
		_I2C_Initialize		CODE           	1A34	0000	20
		_I2C_SetBuffer 		CODE           	1934	0000	36
		_I2C_SetInterruptHandler		CODE           	1AFE	0000	10
		_I2C_MasterOpen		CODE           	199E	0000	34
		_I2C_MasterSendTxData		CODE           	1B50	0000	8
		_I2C_MasterStop		CODE           	1B96	0000	4

mcc_generated_files/i2c_master.c estimated size: 1458

mcc_generated_files/eusart.c
		_EUSART_Write  		CODE           	1A08	0000	22
		_EUSART_Initialize		CODE           	17EA	0000	62
		_EUSART_SetFramingErrorHandler		CODE           	1AEA	0000	10
		_EUSART_SetErrorHandler		CODE           	1AF4	0000	10
		_EUSART_SetOverrunErrorHandler		CODE           	1AE0	0000	10

mcc_generated_files/eusart.c estimated size: 114

main.c
		_main          		CODE           	103C	0000	196

main.c estimated size: 196

