Microchip MPLAB XC8 Compiler V2.41

Linker command line:

-W-3 \
  --edf=C:/Program Files/Microchip/MPLABX/v6.10/packs/Microchip/PIC18F-K_DFP/1.8.249/xc8\pic\dat\20230209213641_en.msgs \
  -cn -h+dist/default/debug\SmartHomeSlave.X.debug.sym \
  --cmf=dist/default/debug\SmartHomeSlave.X.debug.cmf -z -Q18F46K20 \
  -oC:\Users\minas\AppData\Local\Temp\xcAsdk4.\driver_tmp_3.o \
  --defsym=__MPLAB_BUILD=1 --fixupoverflow=error \
  -Mdist/default/debug/SmartHomeSlave.X.debug.map \
  --md=C:\Users\minas\AppData\Local\Temp\xcAsdk4.\driver_tmp_0.dat -E1 \
  -ver=XC8 Compiler --acfsm=1493 -ACODE=00h-0FFFFh -ACONST=00h-0FFFFh \
  -ASMALLCONST=01000h-010FFhx240 -AMEDIUMCONST=01000h-0FFFFh \
  -ACOMRAM=01h-05Fh -AABS1=00h-0F5Fh -ABIGRAM=01h-0F5Fh \
  -ARAM=060h-0FFh,0100h-01FFhx14,0F00h-0F5Fh -ABANK0=060h-0FFh \
  -ABANK1=0100h-01FFh -ABANK2=0200h-02FFh -ABANK3=0300h-03FFh \
  -ABANK4=0400h-04FFh -ABANK5=0500h-05FFh -ABANK6=0600h-06FFh \
  -ABANK7=0700h-07FFh -ABANK8=0800h-08FFh -ABANK9=0900h-09FFh \
  -ABANK10=0A00h-0AFFh -ABANK11=0B00h-0BFFh -ABANK12=0C00h-0CFFh \
  -ABANK13=0D00h-0DFFh -ABANK14=0E00h-0EFFh -ABANK15=0F00h-0F5Fh \
  -ASFR=0F60h-0FFFh -ABIGSFR=0F60h-0FFFh -ACONFIG=0300000h-030000Dh \
  -AIDLOC=0200000h-0200007h -AEEDATA=0F00000h-0F003FFh -peeprom_data=EEDATA \
  -preset_vec=00h,intcode=08h,intcodelo,powerup,init -pramtop=01000h \
  -psmallconst=SMALLCONST -pmediumconst=MEDIUMCONST -pconst=CONST \
  -AFARRAM=00h-00h \
  -prdata=COMRAM,nvrram=COMRAM,nvbit=COMRAM,rbss=COMRAM,rbit=COMRAM \
  -pfarbss=FARRAM,fardata=FARRAM,nvFARRAM=FARRAM \
  -pintsave_regs=BIGRAM,bigbss=BIGRAM,bigdata=BIGRAM -pbss=RAM \
  -pidata=CODE,irdata=CODE,ibigdata=CODE,ifardata=CODE -prparam=COMRAM \
  C:\Users\minas\AppData\Local\Temp\xcAsdk4.\driver_tmp_9.o \
  dist/default/debug\SmartHomeSlave.X.debug.o 

Object code version is 3.11

Machine type is 18F46K20



                Name                               Link     Load   Length Selector   Space Scale
C:\Users\minas\AppData\Local\Temp\xcAsdk4.\driver_tmp_9.o
                config                           300000   300000        E        0       4
                init                                 78       78        4        4       0
                reset_vec                             0        0        4        0       0
dist/default/debug\SmartHomeSlave.X.debug.o
                intcode                               8        8       70        4       0
                config                           300000   300000        E        0       4
                temp                                 19       19        1        1       1
                text33                              40C      40C        4        4       0
                text32                              3F2      3F2        8        4       0
                text31                              2A0      2A0       2E        4       0
                text30                              408      408        4        4       0
                text29                              342      342       14        4       0
                text28                              32E      32E       14        4       0
                text27                              31A      31A       14        4       0
                text26                              306      306       14        4       0
                text25                              3EA      3EA        8        4       0
                text24                              3FA      3FA        6        4       0
                text23                              272      272       2E        4       0
                text22                              404      404        4        4       0
                text21                              3E2      3E2        8        4       0
                text20                              3DA      3DA        8        4       0
                text19                              244      244       2E        4       0
                text18                               7C       7C       FC        4       0
                text16                              400      400        4        4       0
                text15                              2CE      2CE       1E        4       0
                text14                              3C8      3C8        A        4       0
                text13                              3BE      3BE        A        4       0
                text12                              3B4      3B4        A        4       0
                text11                              3AA      3AA        A        4       0
                text10                              3A0      3A0        A        4       0
                text9                               396      396        A        4       0
                text8                               38C      38C        A        4       0
                text7                               382      382        A        4       0
                text6                               178      178       5E        4       0
                text5                               368      368       10        4       0
                text4                               3D2      3D2        8        4       0
                text3                               378      378        A        4       0
                text2                               214      214       30        4       0
                text1                               356      356       12        4       0
                text0                               1D6      1D6       3E        4       0
                cstackCOMRAM                         12       12        7        1       1
                bssCOMRAM                             1        1       11        1       1
                cinit                               2EC      2EC       1A        4       0

TOTAL           Name                               Link     Load   Length     Space
        CLASS   CODE           
                intcode                               8        8       70         0
                init                                 78       78        4         0
                reset_vec                             0        0        4         0
                text33                              40C      40C        4         0
                text32                              3F2      3F2        8         0
                text31                              2A0      2A0       2E         0
                text30                              408      408        4         0
                text29                              342      342       14         0
                text28                              32E      32E       14         0
                text27                              31A      31A       14         0
                text26                              306      306       14         0
                text25                              3EA      3EA        8         0
                text24                              3FA      3FA        6         0
                text23                              272      272       2E         0
                text22                              404      404        4         0
                text21                              3E2      3E2        8         0
                text20                              3DA      3DA        8         0
                text19                              244      244       2E         0
                text18                               7C       7C       FC         0
                text16                              400      400        4         0
                text15                              2CE      2CE       1E         0
                text14                              3C8      3C8        A         0
                text13                              3BE      3BE        A         0
                text12                              3B4      3B4        A         0
                text11                              3AA      3AA        A         0
                text10                              3A0      3A0        A         0
                text9                               396      396        A         0
                text8                               38C      38C        A         0
                text7                               382      382        A         0
                text6                               178      178       5E         0
                text5                               368      368       10         0
                text4                               3D2      3D2        8         0
                text3                               378      378        A         0
                text2                               214      214       30         0
                text1                               356      356       12         0
                text0                               1D6      1D6       3E         0
                cinit                               2EC      2EC       1A         0

        CLASS   CONST          

        CLASS   SMALLCONST     

        CLASS   MEDIUMCONST    

        CLASS   COMRAM         
                temp                                 19       19        1         1
                cstackCOMRAM                         12       12        7         1
                bssCOMRAM                             1        1       11         1

        CLASS   ABS1           

        CLASS   BIGRAM         

        CLASS   RAM            

        CLASS   BANK0          

        CLASS   BANK1          

        CLASS   BANK2          

        CLASS   BANK3          

        CLASS   BANK4          

        CLASS   BANK5          

        CLASS   BANK6          

        CLASS   BANK7          

        CLASS   BANK8          

        CLASS   BANK9          

        CLASS   BANK10         

        CLASS   BANK11         

        CLASS   BANK12         

        CLASS   BANK13         

        CLASS   BANK14         

        CLASS   BANK15         

        CLASS   SFR            

        CLASS   BIGSFR         

        CLASS   CONFIG         
                config                           300000   300000        E         4

        CLASS   IDLOC          

        CLASS   EEDATA         

        CLASS   FARRAM         

        CLASS   HEAP           

        CLASS   STACK          



SEGMENTS        Name                           Load    Length   Top    Selector   Space  Class

                reset_vec                      000000  000004  000004         0       0  CODE    
                bssCOMRAM                      000001  000019  00001A         1       1  COMRAM  
                intcode                        000008  000408  000410         4       0  CODE    


UNUSED ADDRESS RANGES

        Name                Unused          Largest block    Delta
        BANK0            000060-0000FF               A0
        BANK1            000100-0001FF              100
        BANK10           000A00-000AFF              100
        BANK11           000B00-000BFF              100
        BANK12           000C00-000CFF              100
        BANK13           000D00-000DFF              100
        BANK14           000E00-000EFF              100
        BANK15           000F00-000F5F               60
        BANK2            000200-0002FF              100
        BANK3            000300-0003FF              100
        BANK4            000400-0004FF              100
        BANK5            000500-0005FF              100
        BANK6            000600-0006FF              100
        BANK7            000700-0007FF              100
        BANK8            000800-0008FF              100
        BANK9            000900-0009FF              100
        BIGRAM           00001A-000F5F              F46
        BIGSFR           000F60-000FFF               A0
        CODE             000004-000007                4
                         000410-00FFFF             FBF0
        COMRAM           00001A-00005F               46
        CONST            000004-000007                4
                         000410-00FFFF             FBF0
        EEDATA           F00000-F003FF              400
        IDLOC            200000-200007                8
        MEDIUMCONST      001000-00FFFF             F000
        RAM              000060-000F5F              100
        SFR              000F60-000FFF               A0
        SMALLCONST       001000-00FFFF              100

                                  Symbol Table

I2C_SlaveSendTxData@data                      cstackCOMRAM 000012
I2C_SlaveSetAddrIntHandler@handler            cstackCOMRAM 000017
I2C_SlaveSetBusColIntHandler@handler          cstackCOMRAM 000017
I2C_SlaveSetIsrHandler@handler                cstackCOMRAM 000017
I2C_SlaveSetReadIntHandler@handler            cstackCOMRAM 000017
I2C_SlaveSetSlaveAddr@slaveAddr               cstackCOMRAM 000017
I2C_SlaveSetSlaveMask@maskAddr                cstackCOMRAM 000017
I2C_SlaveSetWrColIntHandler@handler           cstackCOMRAM 000017
I2C_SlaveSetWriteIntHandler@handler           cstackCOMRAM 000017
_ANSEL                                        (abs)        000F7E
_ANSELH                                       (abs)        000F7F
_I2C_CUSTOMSlaveDefRdInterruptHandler         text24       0003FA
_I2C_Initialize                               text5        000368
_I2C_Isr                                      text18       00007C
_I2C_Open                                     text6        000178
_I2C_SlaveAddrCallBack                        text31       0002A0
_I2C_SlaveAddrInterruptHandler                bssCOMRAM    000005
_I2C_SlaveBusColInterruptHandler              bssCOMRAM    000003
_I2C_SlaveClearIrq                            text30       000408
_I2C_SlaveDefAddrInterruptHandler             text32       0003F2
_I2C_SlaveDefBusColInterruptHandler           (abs)        000000
_I2C_SlaveDefRdInterruptHandler               text25       0003EA
_I2C_SlaveDefWrColInterruptHandler            (abs)        000000
_I2C_SlaveDefWrInterruptHandler               text20       0003DA
_I2C_SlaveEnableIrq                           text16       000400
_I2C_SlaveGetRxData                           text33       00040C
_I2C_SlaveIsAddr                              text29       000342
_I2C_SlaveIsRead                              text28       00032E
_I2C_SlaveIsRxBufFull                         text27       00031A
_I2C_SlaveIsTxBufEmpty                        text26       000306
_I2C_SlaveOpen                                text15       0002CE
_I2C_SlaveRdCallBack                          text23       000272
_I2C_SlaveRdInterruptHandler                  bssCOMRAM    000009
_I2C_SlaveReleaseClock                        text22       000404
_I2C_SlaveSendTxData                          text21       0003E2
_I2C_SlaveSetAddrIntHandler                   text14       0003C8
_I2C_SlaveSetBusColIntHandler                 text13       0003BE
_I2C_SlaveSetIsrHandler                       text12       0003B4
_I2C_SlaveSetReadIntHandler                   text11       0003AA
_I2C_SlaveSetSlaveAddr                        text10       0003A0
_I2C_SlaveSetSlaveMask                        text9        000396
_I2C_SlaveSetWrColIntHandler                  text8        00038C
_I2C_SlaveSetWriteIntHandler                  text7        000382
_I2C_SlaveWrCallBack                          text19       000244
_I2C_SlaveWrColInterruptHandler               bssCOMRAM    000001
_I2C_SlaveWrInterruptHandler                  bssCOMRAM    000007
_INTCON2bits                                  (abs)        000FF1
_INTCONbits                                   (abs)        000FF2
_INTERRUPT_Initialize                         text4        0003D2
_INTERRUPT_InterruptManagerHigh               intcode      000008
_IPR1bits                                     (abs)        000F9F
_IPR2bits                                     (abs)        000FA2
_LATA                                         (abs)        000F89
_LATB                                         (abs)        000F8A
_LATC                                         (abs)        000F8B
_LATD                                         (abs)        000F8C
_LATDbits                                     (abs)        000F8C
_LATE                                         (abs)        000F8D
_MSSP_InterruptHandler                        bssCOMRAM    00000B
_OSCCON                                       (abs)        000FD3
_OSCILLATOR_Initialize                        text3        000378
_OSCTUNE                                      (abs)        000F9B
_PIE1bits                                     (abs)        000F9D
_PIE2bits                                     (abs)        000FA0
_PIN_MANAGER_Initialize                       text2        000214
_PIR1bits                                     (abs)        000F9E
_PIR2bits                                     (abs)        000FA1
_RCONbits                                     (abs)        000FD0
_SSPADD                                       (abs)        000FC8
_SSPBUF                                       (abs)        000FC9
_SSPCON1                                      (abs)        000FC6
_SSPCON1bits                                  (abs)        000FC6
_SSPCON2                                      (abs)        000FC5
_SSPCON2bits                                  (abs)        000FC5
_SSPMSK                                       (abs)        000F77
_SSPSTAT                                      (abs)        000FC7
_SSPSTATbits                                  (abs)        000FC7
_SYSTEM_Initialize                            text1        000356
_TRISA                                        (abs)        000F92
_TRISB                                        (abs)        000F93
_TRISC                                        (abs)        000F94
_TRISD                                        (abs)        000F95
_TRISE                                        (abs)        000F96
_WPUB                                         (abs)        000F7C
__HRAM                                        (abs)        000000
__H__absolute__                               __absolute__ 000000
__Habs1                                       abs1         000000
__Hbank0                                      bank0        000000
__Hbank1                                      bank1        000000
__Hbank10                                     bank10       000000
__Hbank11                                     bank11       000000
__Hbank12                                     bank12       000000
__Hbank13                                     bank13       000000
__Hbank14                                     bank14       000000
__Hbank15                                     bank15       000000
__Hbank2                                      bank2        000000
__Hbank3                                      bank3        000000
__Hbank4                                      bank4        000000
__Hbank5                                      bank5        000000
__Hbank6                                      bank6        000000
__Hbank7                                      bank7        000000
__Hbank8                                      bank8        000000
__Hbank9                                      bank9        000000
__Hbigbss                                     bigbss       000000
__Hbigdata                                    bigdata      000000
__Hbigram                                     bigram       000000
__Hbigsfr                                     bigsfr       000000
__Hbss                                        bss          000000
__HbssCOMRAM                                  bssCOMRAM    000000
__Hcinit                                      cinit        000000
__Hclrtext                                    clrtext      000000
__Hcomram                                     comram       000000
__Hconfig                                     config       30000E
__Hconst                                      const        000000
__HcstackCOMRAM                               cstackCOMRAM 000000
__Hdata                                       data         000000
__Heeprom_data                                eeprom_data  000000
__Hfarbss                                     farbss       000000
__Hfardata                                    fardata      000000
__Hheap                                       heap         000000
__Hibigdata                                   ibigdata     000000
__Hidata                                      idata        000000
__Hidloc                                      idloc        000000
__Hifardata                                   ifardata     000000
__Hinit                                       init         00007C
__Hintcode                                    intcode      000078
__Hintcode_body                               intcode_body 000000
__Hintcodelo                                  intcodelo    000078
__Hintentry                                   intentry     000000
__Hintret                                     intret       000000
__Hintsave_regs                               intsave_regs 000000
__Hirdata                                     irdata       000000
__Hmediumconst                                mediumconst  000000
__HnvFARRAM                                   nvFARRAM     000000
__Hnvbit                                      nvbit        000000
__Hnvrram                                     nvrram       000000
__Hparam                                      rparam       000000
__Hpowerup                                    powerup      000078
__Hram                                        ram          000000
__Hramtop                                     ramtop       001000
__Hrbit                                       rbit         000000
__Hrbss                                       rbss         000000
__Hrdata                                      rdata        000000
__Hreset_vec                                  reset_vec    000004
__Hrparam                                     rparam       000000
__Hsfr                                        sfr          000000
__Hsmallconst                                 smallconst   000000
__Hspace_0                                    (abs)        001000
__Hspace_1                                    (abs)        00001A
__Hspace_2                                    (abs)        000000
__Hspace_4                                    (abs)        60000E
__Hstack                                      stack        000000
__Hstruct                                     struct       000000
__Htemp                                       temp         00001A
__Htext                                       text         000000
__Htext0                                      text0        000000
__Htext1                                      text1        000000
__Htext10                                     text10       000000
__Htext11                                     text11       000000
__Htext12                                     text12       000000
__Htext13                                     text13       000000
__Htext14                                     text14       000000
__Htext15                                     text15       000000
__Htext16                                     text16       000000
__Htext18                                     text18       000000
__Htext19                                     text19       000000
__Htext2                                      text2        000000
__Htext20                                     text20       000000
__Htext21                                     text21       000000
__Htext22                                     text22       000000
__Htext23                                     text23       000000
__Htext24                                     text24       000000
__Htext25                                     text25       000000
__Htext26                                     text26       000000
__Htext27                                     text27       000000
__Htext28                                     text28       000000
__Htext29                                     text29       000000
__Htext3                                      text3        000000
__Htext30                                     text30       000000
__Htext31                                     text31       000000
__Htext32                                     text32       000000
__Htext33                                     text33       000000
__Htext34                                     text34       000000
__Htext4                                      text4        000000
__Htext5                                      text5        000000
__Htext6                                      text6        000000
__Htext7                                      text7        000000
__Htext8                                      text8        000000
__Htext9                                      text9        000000
__LRAM                                        (abs)        000001
__L__absolute__                               __absolute__ 000000
__Labs1                                       abs1         000000
__Lbank0                                      bank0        000000
__Lbank1                                      bank1        000000
__Lbank10                                     bank10       000000
__Lbank11                                     bank11       000000
__Lbank12                                     bank12       000000
__Lbank13                                     bank13       000000
__Lbank14                                     bank14       000000
__Lbank15                                     bank15       000000
__Lbank2                                      bank2        000000
__Lbank3                                      bank3        000000
__Lbank4                                      bank4        000000
__Lbank5                                      bank5        000000
__Lbank6                                      bank6        000000
__Lbank7                                      bank7        000000
__Lbank8                                      bank8        000000
__Lbank9                                      bank9        000000
__Lbigbss                                     bigbss       000000
__Lbigdata                                    bigdata      000000
__Lbigram                                     bigram       000000
__Lbigsfr                                     bigsfr       000000
__Lbss                                        bss          000000
__LbssCOMRAM                                  bssCOMRAM    000000
__Lcinit                                      cinit        000000
__Lclrtext                                    clrtext      000000
__Lcomram                                     comram       000000
__Lconfig                                     config       000000
__Lconst                                      const        000000
__LcstackCOMRAM                               cstackCOMRAM 000000
__Ldata                                       data         000000
__Leeprom_data                                eeprom_data  000000
__Lfarbss                                     farbss       000000
__Lfardata                                    fardata      000000
__Lheap                                       heap         000000
__Libigdata                                   ibigdata     000000
__Lidata                                      idata        000000
__Lidloc                                      idloc        000000
__Lifardata                                   ifardata     000000
__Linit                                       init         000078
__Lintcode                                    intcode      000008
__Lintcode_body                               intcode_body 000000
__Lintcodelo                                  intcodelo    000078
__Lintentry                                   intentry     000000
__Lintret                                     intret       000000
__Lintsave_regs                               intsave_regs 000000
__Lirdata                                     irdata       000000
__Lmediumconst                                mediumconst  000000
__LnvFARRAM                                   nvFARRAM     000000
__Lnvbit                                      nvbit        000000
__Lnvrram                                     nvrram       000000
__Lparam                                      rparam       000000
__Lpowerup                                    powerup      000078
__Lram                                        ram          000000
__Lramtop                                     ramtop       001000
__Lrbit                                       rbit         000000
__Lrbss                                       rbss         000000
__Lrdata                                      rdata        000000
__Lreset_vec                                  reset_vec    000000
__Lrparam                                     rparam       000000
__Lsfr                                        sfr          000000
__Lsmallconst                                 smallconst   000000
__Lspace_0                                    (abs)        000000
__Lspace_1                                    (abs)        000000
__Lspace_2                                    (abs)        000000
__Lspace_4                                    (abs)        000000
__Lstack                                      stack        000000
__Lstruct                                     struct       000000
__Ltemp                                       temp         000019
__Ltext                                       text         000000
__Ltext0                                      text0        000000
__Ltext1                                      text1        000000
__Ltext10                                     text10       000000
__Ltext11                                     text11       000000
__Ltext12                                     text12       000000
__Ltext13                                     text13       000000
__Ltext14                                     text14       000000
__Ltext15                                     text15       000000
__Ltext16                                     text16       000000
__Ltext18                                     text18       000000
__Ltext19                                     text19       000000
__Ltext2                                      text2        000000
__Ltext20                                     text20       000000
__Ltext21                                     text21       000000
__Ltext22                                     text22       000000
__Ltext23                                     text23       000000
__Ltext24                                     text24       000000
__Ltext25                                     text25       000000
__Ltext26                                     text26       000000
__Ltext27                                     text27       000000
__Ltext28                                     text28       000000
__Ltext29                                     text29       000000
__Ltext3                                      text3        000000
__Ltext30                                     text30       000000
__Ltext31                                     text31       000000
__Ltext32                                     text32       000000
__Ltext33                                     text33       000000
__Ltext34                                     text34       000000
__Ltext4                                      text4        000000
__Ltext5                                      text5        000000
__Ltext6                                      text6        000000
__Ltext7                                      text7        000000
__Ltext8                                      text8        000000
__Ltext9                                      text9        000000
__S0                                          (abs)        000410
__S1                                          (abs)        00001A
__S4                                          (abs)        000000
__S5                                          (abs)        000000
___heap_hi                                    (abs)        000000
___heap_lo                                    (abs)        000000
___inthi_sp                                   stack        000000
___intlo_sp                                   stack        000000
___param_bank                                 (abs)        000000
___rparam_used                                (abs)        000001
___sp                                         stack        000000
__accesstop                                   (abs)        000060
__activetblptr                                (abs)        000002
__end_of_I2C_CUSTOMSlaveDefRdInterruptHandler text24       000400
__end_of_I2C_Initialize                       text5        000378
__end_of_I2C_Isr                              text18       000178
__end_of_I2C_Open                             text6        0001D6
__end_of_I2C_SlaveAddrCallBack                text31       0002CE
__end_of_I2C_SlaveClearIrq                    text30       00040C
__end_of_I2C_SlaveDefAddrInterruptHandler     text32       0003FA
__end_of_I2C_SlaveDefRdInterruptHandler       text25       0003F2
__end_of_I2C_SlaveDefWrInterruptHandler       text20       0003E2
__end_of_I2C_SlaveEnableIrq                   text16       000404
__end_of_I2C_SlaveGetRxData                   text33       000410
__end_of_I2C_SlaveIsAddr                      text29       000356
__end_of_I2C_SlaveIsRead                      text28       000342
__end_of_I2C_SlaveIsRxBufFull                 text27       00032E
__end_of_I2C_SlaveIsTxBufEmpty                text26       00031A
__end_of_I2C_SlaveOpen                        text15       0002EC
__end_of_I2C_SlaveRdCallBack                  text23       0002A0
__end_of_I2C_SlaveReleaseClock                text22       000408
__end_of_I2C_SlaveSendTxData                  text21       0003EA
__end_of_I2C_SlaveSetAddrIntHandler           text14       0003D2
__end_of_I2C_SlaveSetBusColIntHandler         text13       0003C8
__end_of_I2C_SlaveSetIsrHandler               text12       0003BE
__end_of_I2C_SlaveSetReadIntHandler           text11       0003B4
__end_of_I2C_SlaveSetSlaveAddr                text10       0003AA
__end_of_I2C_SlaveSetSlaveMask                text9        0003A0
__end_of_I2C_SlaveSetWrColIntHandler          text8        000396
__end_of_I2C_SlaveSetWriteIntHandler          text7        00038C
__end_of_I2C_SlaveWrCallBack                  text19       000272
__end_of_INTERRUPT_Initialize                 text4        0003DA
__end_of_INTERRUPT_InterruptManagerHigh       intcode      000078
__end_of_OSCILLATOR_Initialize                text3        000382
__end_of_PIN_MANAGER_Initialize               text2        000244
__end_of_SYSTEM_Initialize                    text1        000368
__end_of__initialization                      cinit        0002F8
__end_of_main                                 text0        000214
__initialization                              cinit        0002EC
__mediumconst                                 mediumconst  000000
__pbssCOMRAM                                  bssCOMRAM    000001
__pcinit                                      cinit        0002EC
__pcstackCOMRAM                               cstackCOMRAM 000012
__pintcode                                    intcode      000008
__ptext0                                      text0        0001D6
__ptext1                                      text1        000356
__ptext10                                     text10       0003A0
__ptext11                                     text11       0003AA
__ptext12                                     text12       0003B4
__ptext13                                     text13       0003BE
__ptext14                                     text14       0003C8
__ptext15                                     text15       0002CE
__ptext16                                     text16       000400
__ptext18                                     text18       00007C
__ptext19                                     text19       000244
__ptext2                                      text2        000214
__ptext20                                     text20       0003DA
__ptext21                                     text21       0003E2
__ptext22                                     text22       000404
__ptext23                                     text23       000272
__ptext24                                     text24       0003FA
__ptext25                                     text25       0003EA
__ptext26                                     text26       000306
__ptext27                                     text27       00031A
__ptext28                                     text28       00032E
__ptext29                                     text29       000342
__ptext3                                      text3        000378
__ptext30                                     text30       000408
__ptext31                                     text31       0002A0
__ptext32                                     text32       0003F2
__ptext33                                     text33       00040C
__ptext34                                     text34       000000
__ptext4                                      text4        0003D2
__ptext5                                      text5        000368
__ptext6                                      text6        000178
__ptext7                                      text7        000382
__ptext8                                      text8        00038C
__ptext9                                      text9        000396
__ramtop                                      ramtop       001000
__smallconst                                  smallconst   000000
_i2cRdData                                    bssCOMRAM    000010
_i2cSlaveAddr                                 bssCOMRAM    00000F
_i2cSlaveState                                bssCOMRAM    00000E
_i2cWrData                                    bssCOMRAM    000011
_main                                         text0        0001D6
_temp                                         bssCOMRAM    00000D
btemp                                         temp         000019
end_of_initialization                         cinit        0002F8
int$flags                                     temp         000019
intlevel0                                     text         000000
intlevel1                                     text         000000
intlevel2                                     text         000000
intlevel3                                     text         000000
isa$std                                       (abs)        000001
isa$xinst                                     (abs)        000000
stackhi                                       (abs)        000000
stacklo                                       (abs)        000000
start                                         init         000078
start_initialization                          cinit        0002EC
ttemp5                                        temp         00001A
ttemp6                                        temp         00001D
ttemp7                                        temp         000021
wtemp8                                        temp         00001A


MODULE INFORMATION

Module		Function		Class		Link	Load	Size
mcc_generated_files/i2c_slave.c
		_I2C_SlaveDefRdInterruptHandler		CODE           	03EA	0000	8
		_I2C_SlaveDefWrInterruptHandler		CODE           	03DA	0000	8
		_I2C_SlaveSetWrColIntHandler		CODE           	038C	0000	10
		_I2C_SlaveSetWriteIntHandler		CODE           	0382	0000	10
		_I2C_SlaveOpen 		CODE           	02CE	0000	30
		_I2C_SlaveSetSlaveAddr		CODE           	03A0	0000	10
		_I2C_SlaveIsRxBufFull		CODE           	031A	0000	20
		_I2C_SlaveClearIrq		CODE           	0408	0000	4
		_I2C_SlaveGetRxData		CODE           	040C	0000	4
		_I2C_SlaveSetSlaveMask		CODE           	0396	0000	10
		_I2C_Isr       		CODE           	007C	0000	252
		_I2C_SlaveDefAddrInterruptHandler		CODE           	03F2	0000	8
		_I2C_Open      		CODE           	0178	0000	94
		_I2C_SlaveIsRead		CODE           	032E	0000	20
		_I2C_SlaveSetIsrHandler		CODE           	03B4	0000	10
		_I2C_SlaveIsAddr		CODE           	0342	0000	20
		_I2C_SlaveSetBusColIntHandler		CODE           	03BE	0000	10
		_I2C_SlaveEnableIrq		CODE           	0400	0000	4
		_I2C_SlaveSendTxData		CODE           	03E2	0000	8
		_I2C_SlaveRdCallBack		CODE           	0272	0000	46
		_I2C_SlaveWrCallBack		CODE           	0244	0000	46
		_I2C_SlaveSetReadIntHandler		CODE           	03AA	0000	10
		_I2C_SlaveAddrCallBack		CODE           	02A0	0000	46
		_I2C_Initialize		CODE           	0368	0000	16
		_I2C_SlaveIsTxBufEmpty		CODE           	0306	0000	20
		_I2C_SlaveSetAddrIntHandler		CODE           	03C8	0000	10
		_I2C_SlaveReleaseClock		CODE           	0404	0000	4

mcc_generated_files/i2c_slave.c estimated size: 738

mcc_generated_files/interrupt_manager.c
		_INTERRUPT_Initialize		CODE           	03D2	0000	8
		_INTERRUPT_InterruptManagerHigh		CODE           	0008	0000	112

mcc_generated_files/interrupt_manager.c estimated size: 120

mcc_generated_files/pin_manager.c
		_PIN_MANAGER_Initialize		CODE           	0214	0000	48

mcc_generated_files/pin_manager.c estimated size: 48

shared
		__initialization		CODE           	02EC	0000	12

shared estimated size: 12

mcc_generated_files/mcc.c
		_OSCILLATOR_Initialize		CODE           	0378	0000	10
		_SYSTEM_Initialize		CODE           	0356	0000	18

mcc_generated_files/mcc.c estimated size: 28

main.c
		_I2C_CUSTOMSlaveDefRdInterruptHandler		CODE           	03FA	0000	6
		_main          		CODE           	01D6	0000	62

main.c estimated size: 68

